// Jest Snapshot v1, https://goo.gl/fbAQLP

exports[`matches loading snapshot 1`] = `
<DocumentFragment>
  <p
    style="color: white;"
  >
    Loading â€¦
  </p>
</DocumentFragment>
`;

exports[`matches rendered snapshot 1`] = `
<DocumentFragment>
  <div
    class="App"
  >
    <div>
      <nav
        class="navbar navbar-expand-md"
      >
        <a
          aria-current="page"
          class="navbar-brand active"
          href="/"
        >
          Snack or Booze
        </a>
        <ul
          class="ml-auto navbar-nav"
        >
          <li
            class="nav-item"
          >
            <a
              href="/snacks"
            >
              Snacks
            </a>
          </li>
          <li
            class="nav-item"
          >
            <a
              href="/drinks"
            >
              Drinks
            </a>
          </li>
          <li
            class="nav-item"
          >
            <a
              href="/new"
            >
              Add Menu Item
            </a>
          </li>
        </ul>
      </nav>
    </div>
    <main>
      <section
        class="Home"
      >
        <div
          class="card"
        >
          <div
            class="text-center card-body"
          >
            <h5
              class="card-title"
            />
            <h3
              class="font-weight-bold"
            >
              Welcome to Silicon Valley's premier dive cafe!
            </h3>
            <p
              class="card-text"
            />
            <h3>
              We have 
              <a
                class="Home-info"
                href="/snacks"
              >
                3 snacks
              </a>
               and  
              <a
                class="Home-info"
                href="/drinks"
              >
                4 drinks
              </a>
               to choose from!
            </h3>
            <p />
          </div>
        </div>
      </section>
    </main>
  </div>
</DocumentFragment>
`;
